// Jest Snapshot v1, https://goo.gl/fbAQLP

exports[`highlight function logs messages when isEnabled is true 1`] = `
[MockFunction] {
  "calls": Array [
    Array [
      "%ceffector-socket.io%chello%c[event]",
      "background-color: #4fb6ed; color: #000; padding-left: 4px; padding-right: 4px; font-weight: normal;",
      "background-color: none; color: #000; padding-left: 4px; padding-right: 4px; font-weight: normal;",
      "color: #4fedde;",
    ],
  ],
  "results": Array [
    Object {
      "type": "return",
      "value": undefined,
    },
  ],
}
`;
